// Jest Snapshot v1, https://goo.gl/fbAQLP

exports[`Order.js no items in order 1`] = `
<div
  className="Order"
>
  <div
    className="Order-header"
  >
    <span
      className="Order-shop"
    >
      shop
    </span>
    <span
      id="date"
    >
      1234
    </span>
  </div>
  <div
    className="Order-items"
  />
</div>
`;

exports[`Order.js render with data 1`] = `
<div
  className="Order"
>
  <div
    className="Order-header"
  >
    <span
      className="Order-shop"
    >
      shop
    </span>
    <span
      id="date"
    >
      1234
    </span>
  </div>
  <div
    className="Order-items"
  />
</div>
`;
